Archive member included because of file (symbol)

d:/embedded imt/imd sdk/imt_sdk_win_64/winavr/bin/../lib/gcc/avr/4.3.3/avr5\libgcc.a(_divmodhi4.o)
                              ./HAL/LCD_program.o (__divmodhi4)
d:/embedded imt/imd sdk/imt_sdk_win_64/winavr/bin/../lib/gcc/avr/4.3.3/avr5\libgcc.a(_exit.o)
                              d:/embedded imt/imd sdk/imt_sdk_win_64/winavr/bin/../lib/gcc/avr/4.3.3/../../../../avr/lib/avr5/crtm32.o (exit)
d:/embedded imt/imd sdk/imt_sdk_win_64/winavr/bin/../lib/gcc/avr/4.3.3/avr5\libgcc.a(_copy_data.o)
                              ./APP/main.o (__do_copy_data)
d:/embedded imt/imd sdk/imt_sdk_win_64/winavr/bin/../lib/gcc/avr/4.3.3/avr5\libgcc.a(_udivmodhi4.o)
                              d:/embedded imt/imd sdk/imt_sdk_win_64/winavr/bin/../lib/gcc/avr/4.3.3/avr5\libgcc.a(_divmodhi4.o) (__udivmodhi4)

Memory Configuration

Name             Origin             Length             Attributes
text             0x00000000         0x00020000         xr
data             0x00800060         0x0000ffa0         rw !x
eeprom           0x00810000         0x00010000         rw !x
fuse             0x00820000         0x00000400         rw !x
lock             0x00830000         0x00000400         rw !x
signature        0x00840000         0x00000400         rw !x
*default*        0x00000000         0xffffffff

Linker script and memory map

LOAD d:/embedded imt/imd sdk/imt_sdk_win_64/winavr/bin/../lib/gcc/avr/4.3.3/../../../../avr/lib/avr5/crtm32.o
LOAD ./MCAL/UART/UART_program.o
LOAD ./MCAL/DIO/DIO_program.o
LOAD ./HAL/LCD_program.o
LOAD ./APP/main.o
LOAD d:/embedded imt/imd sdk/imt_sdk_win_64/winavr/bin/../lib/gcc/avr/4.3.3/avr5\libgcc.a
LOAD d:/embedded imt/imd sdk/imt_sdk_win_64/winavr/bin/../lib/gcc/avr/4.3.3/../../../../avr/lib/avr5\libc.a
LOAD d:/embedded imt/imd sdk/imt_sdk_win_64/winavr/bin/../lib/gcc/avr/4.3.3/avr5\libgcc.a

.hash
 *(.hash)

.dynsym
 *(.dynsym)

.dynstr
 *(.dynstr)

.gnu.version
 *(.gnu.version)

.gnu.version_d
 *(.gnu.version_d)

.gnu.version_r
 *(.gnu.version_r)

.rel.init
 *(.rel.init)

.rela.init
 *(.rela.init)

.rel.text
 *(.rel.text)
 *(.rel.text.*)
 *(.rel.gnu.linkonce.t*)

.rela.text
 *(.rela.text)
 *(.rela.text.*)
 *(.rela.gnu.linkonce.t*)

.rel.fini
 *(.rel.fini)

.rela.fini
 *(.rela.fini)

.rel.rodata
 *(.rel.rodata)
 *(.rel.rodata.*)
 *(.rel.gnu.linkonce.r*)

.rela.rodata
 *(.rela.rodata)
 *(.rela.rodata.*)
 *(.rela.gnu.linkonce.r*)

.rel.data
 *(.rel.data)
 *(.rel.data.*)
 *(.rel.gnu.linkonce.d*)

.rela.data
 *(.rela.data)
 *(.rela.data.*)
 *(.rela.gnu.linkonce.d*)

.rel.ctors
 *(.rel.ctors)

.rela.ctors
 *(.rela.ctors)

.rel.dtors
 *(.rel.dtors)

.rela.dtors
 *(.rela.dtors)

.rel.got
 *(.rel.got)

.rela.got
 *(.rela.got)

.rel.bss
 *(.rel.bss)

.rela.bss
 *(.rela.bss)

.rel.plt
 *(.rel.plt)

.rela.plt
 *(.rela.plt)

.text           0x00000000      0xce4
 *(.vectors)
 .vectors       0x00000000       0x54 d:/embedded imt/imd sdk/imt_sdk_win_64/winavr/bin/../lib/gcc/avr/4.3.3/../../../../avr/lib/avr5/crtm32.o
                0x00000000                __vectors
                0x00000000                __vector_default
 *(.vectors)
 *(.progmem.gcc*)
 *(.progmem*)
                0x00000054                . = ALIGN (0x2)
                0x00000054                __trampolines_start = .
 *(.trampolines)
 .trampolines   0x00000054        0x0 linker stubs
 *(.trampolines*)
                0x00000054                __trampolines_end = .
 *(.jumptables)
 *(.jumptables*)
 *(.lowtext)
 *(.lowtext*)
                0x00000054                __ctors_start = .
 *(.ctors)
                0x00000054                __ctors_end = .
                0x00000054                __dtors_start = .
 *(.dtors)
                0x00000054                __dtors_end = .
 SORT(*)(.ctors)
 SORT(*)(.dtors)
 *(.init0)
 .init0         0x00000054        0x0 d:/embedded imt/imd sdk/imt_sdk_win_64/winavr/bin/../lib/gcc/avr/4.3.3/../../../../avr/lib/avr5/crtm32.o
                0x00000054                __init
 *(.init0)
 *(.init1)
 *(.init1)
 *(.init2)
 .init2         0x00000054        0xc d:/embedded imt/imd sdk/imt_sdk_win_64/winavr/bin/../lib/gcc/avr/4.3.3/../../../../avr/lib/avr5/crtm32.o
 *(.init2)
 *(.init3)
 *(.init3)
 *(.init4)
 .init4         0x00000060       0x16 d:/embedded imt/imd sdk/imt_sdk_win_64/winavr/bin/../lib/gcc/avr/4.3.3/avr5\libgcc.a(_copy_data.o)
                0x00000060                __do_copy_data
 *(.init4)
 *(.init5)
 *(.init5)
 *(.init6)
 *(.init6)
 *(.init7)
 *(.init7)
 *(.init8)
 *(.init8)
 *(.init9)
 .init9         0x00000076        0x8 d:/embedded imt/imd sdk/imt_sdk_win_64/winavr/bin/../lib/gcc/avr/4.3.3/../../../../avr/lib/avr5/crtm32.o
 *(.init9)
 *(.text)
 .text          0x0000007e        0x4 d:/embedded imt/imd sdk/imt_sdk_win_64/winavr/bin/../lib/gcc/avr/4.3.3/../../../../avr/lib/avr5/crtm32.o
                0x0000007e                __vector_1
                0x0000007e                __vector_12
                0x0000007e                __bad_interrupt
                0x0000007e                __vector_6
                0x0000007e                __vector_3
                0x0000007e                __vector_11
                0x0000007e                __vector_13
                0x0000007e                __vector_17
                0x0000007e                __vector_19
                0x0000007e                __vector_7
                0x0000007e                __vector_5
                0x0000007e                __vector_4
                0x0000007e                __vector_9
                0x0000007e                __vector_2
                0x0000007e                __vector_15
                0x0000007e                __vector_8
                0x0000007e                __vector_14
                0x0000007e                __vector_10
                0x0000007e                __vector_16
                0x0000007e                __vector_18
                0x0000007e                __vector_20
 .text          0x00000082        0x0 ./MCAL/UART/UART_program.o
 .text          0x00000082        0x0 ./MCAL/DIO/DIO_program.o
 .text          0x00000082        0x0 ./HAL/LCD_program.o
 .text          0x00000082        0x0 ./APP/main.o
 .text          0x00000082        0x0 d:/embedded imt/imd sdk/imt_sdk_win_64/winavr/bin/../lib/gcc/avr/4.3.3/avr5\libgcc.a(_divmodhi4.o)
 .text          0x00000082        0x0 d:/embedded imt/imd sdk/imt_sdk_win_64/winavr/bin/../lib/gcc/avr/4.3.3/avr5\libgcc.a(_exit.o)
 .text          0x00000082        0x0 d:/embedded imt/imd sdk/imt_sdk_win_64/winavr/bin/../lib/gcc/avr/4.3.3/avr5\libgcc.a(_copy_data.o)
 .text          0x00000082        0x0 d:/embedded imt/imd sdk/imt_sdk_win_64/winavr/bin/../lib/gcc/avr/4.3.3/avr5\libgcc.a(_udivmodhi4.o)
                0x00000082                . = ALIGN (0x2)
 *(.text.*)
 .text.UART_voidInit
                0x00000082       0x14 ./MCAL/UART/UART_program.o
                0x00000082                UART_voidInit
 .text.UART_voidTransmitAsynchronous
                0x00000096        0x8 ./MCAL/UART/UART_program.o
                0x00000096                UART_voidTransmitAsynchronous
 .text.UART_u8ReceiveAsynchronous
                0x0000009e        0x8 ./MCAL/UART/UART_program.o
                0x0000009e                UART_u8ReceiveAsynchronous
 .text.UART_voidReceiveString
                0x000000a6       0x2e ./MCAL/UART/UART_program.o
                0x000000a6                UART_voidReceiveString
 .text.UART_voidTransmitString
                0x000000d4       0x1a ./MCAL/UART/UART_program.o
                0x000000d4                UART_voidTransmitString
 .text.DIO_SetPinValue
                0x000000ee       0xe2 ./MCAL/DIO/DIO_program.o
                0x000000ee                DIO_SetPinValue
 .text.DIO_SetPortValue
                0x000001d0       0x22 ./MCAL/DIO/DIO_program.o
                0x000001d0                DIO_SetPortValue
 .text.DIO_TogglePinValue
                0x000001f2       0x6a ./MCAL/DIO/DIO_program.o
                0x000001f2                DIO_TogglePinValue
 .text.DIO_GetPinValue
                0x0000025c       0x40 ./MCAL/DIO/DIO_program.o
                0x0000025c                DIO_GetPinValue
 .text.DIO_GetPortValue
                0x0000029c       0x24 ./MCAL/DIO/DIO_program.o
                0x0000029c                DIO_GetPortValue
 .text.DIO_SetPinDirection
                0x000002c0       0xe2 ./MCAL/DIO/DIO_program.o
                0x000002c0                DIO_SetPinDirection
 .text.DIO_SetPortDirection
                0x000003a2       0x22 ./MCAL/DIO/DIO_program.o
                0x000003a2                DIO_SetPortDirection
 .text.LCD_SendChar
                0x000003c4       0x5c ./HAL/LCD_program.o
                0x000003c4                LCD_SendChar
 .text.LCD_PrintString
                0x00000420       0x18 ./HAL/LCD_program.o
                0x00000420                LCD_PrintString
 .text.LCD_PrintNum
                0x00000438       0xd4 ./HAL/LCD_program.o
                0x00000438                LCD_PrintNum
 .text.LCD_SendCommand
                0x0000050c       0x4c ./HAL/LCD_program.o
                0x0000050c                LCD_SendCommand
 .text.LCD_SetCursorPos
                0x00000558       0x12 ./HAL/LCD_program.o
                0x00000558                LCD_SetCursorPos
 .text.LCD_SaveCustChar
                0x0000056a       0x40 ./HAL/LCD_program.o
                0x0000056a                LCD_SaveCustChar
 .text.LCD_Init
                0x000005aa       0x72 ./HAL/LCD_program.o
                0x000005aa                LCD_Init
 .text.string_to_int
                0x0000061c       0x32 ./APP/main.o
                0x0000061c                string_to_int
 .text.AlarmImplementation
                0x0000064e       0x5c ./APP/main.o
                0x0000064e                AlarmImplementation
 .text.ImplementAction
                0x000006aa       0x4a ./APP/main.o
                0x000006aa                ImplementAction
 .text.main     0x000006f4      0x59e ./APP/main.o
                0x000006f4                main
 .text.libgcc   0x00000c92       0x26 d:/embedded imt/imd sdk/imt_sdk_win_64/winavr/bin/../lib/gcc/avr/4.3.3/avr5\libgcc.a(_divmodhi4.o)
                0x00000c92                __divmodhi4
                0x00000c92                _div
 .text.libgcc   0x00000cb8        0x0 d:/embedded imt/imd sdk/imt_sdk_win_64/winavr/bin/../lib/gcc/avr/4.3.3/avr5\libgcc.a(_exit.o)
 .text.libgcc   0x00000cb8        0x0 d:/embedded imt/imd sdk/imt_sdk_win_64/winavr/bin/../lib/gcc/avr/4.3.3/avr5\libgcc.a(_copy_data.o)
 .text.libgcc   0x00000cb8       0x28 d:/embedded imt/imd sdk/imt_sdk_win_64/winavr/bin/../lib/gcc/avr/4.3.3/avr5\libgcc.a(_udivmodhi4.o)
                0x00000cb8                __udivmodhi4
                0x00000ce0                . = ALIGN (0x2)
 *(.fini9)
 .fini9         0x00000ce0        0x0 d:/embedded imt/imd sdk/imt_sdk_win_64/winavr/bin/../lib/gcc/avr/4.3.3/avr5\libgcc.a(_exit.o)
                0x00000ce0                exit
                0x00000ce0                _exit
 *(.fini9)
 *(.fini8)
 *(.fini8)
 *(.fini7)
 *(.fini7)
 *(.fini6)
 *(.fini6)
 *(.fini5)
 *(.fini5)
 *(.fini4)
 *(.fini4)
 *(.fini3)
 *(.fini3)
 *(.fini2)
 *(.fini2)
 *(.fini1)
 *(.fini1)
 *(.fini0)
 .fini0         0x00000ce0        0x4 d:/embedded imt/imd sdk/imt_sdk_win_64/winavr/bin/../lib/gcc/avr/4.3.3/avr5\libgcc.a(_exit.o)
 *(.fini0)
                0x00000ce4                _etext = .

.data           0x00800060      0x11e load address 0x00000ce4
                0x00800060                PROVIDE (__data_start, .)
 *(.data)
 .data          0x00800060        0x0 d:/embedded imt/imd sdk/imt_sdk_win_64/winavr/bin/../lib/gcc/avr/4.3.3/../../../../avr/lib/avr5/crtm32.o
 .data          0x00800060        0x0 ./MCAL/UART/UART_program.o
 .data          0x00800060        0x0 ./MCAL/DIO/DIO_program.o
 .data          0x00800060        0x0 ./HAL/LCD_program.o
 .data          0x00800060      0x11e ./APP/main.o
 .data          0x0080017e        0x0 d:/embedded imt/imd sdk/imt_sdk_win_64/winavr/bin/../lib/gcc/avr/4.3.3/avr5\libgcc.a(_divmodhi4.o)
 .data          0x0080017e        0x0 d:/embedded imt/imd sdk/imt_sdk_win_64/winavr/bin/../lib/gcc/avr/4.3.3/avr5\libgcc.a(_exit.o)
 .data          0x0080017e        0x0 d:/embedded imt/imd sdk/imt_sdk_win_64/winavr/bin/../lib/gcc/avr/4.3.3/avr5\libgcc.a(_copy_data.o)
 .data          0x0080017e        0x0 d:/embedded imt/imd sdk/imt_sdk_win_64/winavr/bin/../lib/gcc/avr/4.3.3/avr5\libgcc.a(_udivmodhi4.o)
 *(.data*)
 *(.rodata)
 *(.rodata*)
 *(.gnu.linkonce.d*)
                0x0080017e                . = ALIGN (0x2)
                0x0080017e                _edata = .
                0x0080017e                PROVIDE (__data_end, .)

.bss            0x0080017e        0x0
                0x0080017e                PROVIDE (__bss_start, .)
 *(.bss)
 .bss           0x0080017e        0x0 d:/embedded imt/imd sdk/imt_sdk_win_64/winavr/bin/../lib/gcc/avr/4.3.3/../../../../avr/lib/avr5/crtm32.o
 .bss           0x0080017e        0x0 ./MCAL/UART/UART_program.o
 .bss           0x0080017e        0x0 ./MCAL/DIO/DIO_program.o
 .bss           0x0080017e        0x0 ./HAL/LCD_program.o
 .bss           0x0080017e        0x0 ./APP/main.o
 .bss           0x0080017e        0x0 d:/embedded imt/imd sdk/imt_sdk_win_64/winavr/bin/../lib/gcc/avr/4.3.3/avr5\libgcc.a(_divmodhi4.o)
 .bss           0x0080017e        0x0 d:/embedded imt/imd sdk/imt_sdk_win_64/winavr/bin/../lib/gcc/avr/4.3.3/avr5\libgcc.a(_exit.o)
 .bss           0x0080017e        0x0 d:/embedded imt/imd sdk/imt_sdk_win_64/winavr/bin/../lib/gcc/avr/4.3.3/avr5\libgcc.a(_copy_data.o)
 .bss           0x0080017e        0x0 d:/embedded imt/imd sdk/imt_sdk_win_64/winavr/bin/../lib/gcc/avr/4.3.3/avr5\libgcc.a(_udivmodhi4.o)
 *(.bss*)
 *(COMMON)
                0x0080017e                PROVIDE (__bss_end, .)
                0x00000ce4                __data_load_start = LOADADDR (.data)
                0x00000e02                __data_load_end = (__data_load_start + SIZEOF (.data))

.noinit         0x0080017e        0x0
                0x0080017e                PROVIDE (__noinit_start, .)
 *(.noinit*)
                0x0080017e                PROVIDE (__noinit_end, .)
                0x0080017e                _end = .
                0x0080017e                PROVIDE (__heap_start, .)

.eeprom         0x00810000        0x0
 *(.eeprom*)
                0x00810000                __eeprom_end = .

.fuse
 *(.fuse)
 *(.lfuse)
 *(.hfuse)
 *(.efuse)

.lock
 *(.lock*)

.signature
 *(.signature*)

.stab
 *(.stab)

.stabstr
 *(.stabstr)

.stab.excl
 *(.stab.excl)

.stab.exclstr
 *(.stab.exclstr)

.stab.index
 *(.stab.index)

.stab.indexstr
 *(.stab.indexstr)

.comment
 *(.comment)

.debug
 *(.debug)

.line
 *(.line)

.debug_srcinfo
 *(.debug_srcinfo)

.debug_sfnames
 *(.debug_sfnames)

.debug_aranges
 *(.debug_aranges)

.debug_pubnames
 *(.debug_pubnames)

.debug_info
 *(.debug_info)
 *(.gnu.linkonce.wi.*)

.debug_abbrev
 *(.debug_abbrev)

.debug_line
 *(.debug_line)

.debug_frame
 *(.debug_frame)

.debug_str
 *(.debug_str)

.debug_loc
 *(.debug_loc)

.debug_macinfo
 *(.debug_macinfo)
OUTPUT(MobileControlledHome.elf elf32-avr)
LOAD linker stubs
